EN keyboard NULL C:/Projects/CPU/keyboard/Keyboard.vhd sub00/vhpl00 1449076953
AR vgacontroller behavioral C:/Projects/CPU/myVGA/VGAController.vhd sub00/vhpl14 1449076956
EN my_buffer NULL C:/Projects/CPU/myVGA/buffer.vhd sub00/vhpl11 1449076951
PH ascii_define NULL C:/Projects/CPU/keyboard/ascii_define.vhd sub00/vhpl04 1449076944
AR fontrom behavioral C:/Projects/CPU/myVGA/font_rom.vhd sub00/vhpl10 1449076950
AR keyboard rtl C:/Projects/CPU/keyboard/Keyboard.vhd sub00/vhpl01 1449076954
EN core_buffer_ram NULL C:/Projects/CPU/keyboard_test/ipcore_dir/core_buffer_ram.vhd sub00/vhpl15 1449076945
AR vga640480 behavior C:/Projects/CPU/myVGA/VGA_640480.vhd sub00/vhpl08 1449076948
EN kncontroller NULL C:/Projects/CPU/keyboard/KNController.vhd sub00/vhpl02 1449076957
EN new_buffer_ram NULL C:/Projects/CPU/keyboard_test/ipcore_dir/new_buffer_ram.vhd sub00/vhpl05 1449050923
EN vgacontroller NULL C:/Projects/CPU/myVGA/VGAController.vhd sub00/vhpl13 1449076955
EN fontrom NULL C:/Projects/CPU/myVGA/font_rom.vhd sub00/vhpl09 1449076949
EN vga640480 NULL C:/Projects/CPU/myVGA/VGA_640480.vhd sub00/vhpl07 1449076947
AR my_buffer behavioral C:/Projects/CPU/myVGA/buffer.vhd sub00/vhpl12 1449076952
AR core_buffer_ram core_buffer_ram_a C:/Projects/CPU/keyboard_test/ipcore_dir/core_buffer_ram.vhd sub00/vhpl16 1449076946
AR new_buffer_ram new_buffer_ram_a C:/Projects/CPU/keyboard_test/ipcore_dir/new_buffer_ram.vhd sub00/vhpl06 1449050924
AR kncontroller achieve C:/Projects/CPU/keyboard/KNController.vhd sub00/vhpl03 1449076958
