EN kncontroller NULL C:/jiyuan/CPU/src/keyboard/KNController.vhd sub00/vhpl02 1449046532
EN vgacontroller NULL C:/jiyuan/myVGA/VGAController.vhd sub00/vhpl13 1449046530
AR vga640480 behavior C:/jiyuan/myVGA/VGA_640480.vhd sub00/vhpl08 1449046523
EN keyboard NULL C:/jiyuan/CPU/src/keyboard/Keyboard.vhd sub00/vhpl00 1449046528
AR fontrom behavioral C:/jiyuan/myVGA/font_rom.vhd sub00/vhpl10 1449046525
EN my_buffer NULL C:/jiyuan/myVGA/buffer.vhd sub00/vhpl11 1449046526
AR my_buffer behavioral C:/jiyuan/myVGA/buffer.vhd sub00/vhpl12 1449046527
AR vgacontroller behavioral C:/jiyuan/myVGA/VGAController.vhd sub00/vhpl14 1449046531
AR new_buffer_ram new_buffer_ram_a C:/jiyuan/myVGA/ipcore_dir/new_buffer_ram.vhd sub00/vhpl06 1449046521
EN fontrom NULL C:/jiyuan/myVGA/font_rom.vhd sub00/vhpl09 1449046524
EN vga640480 NULL C:/jiyuan/myVGA/VGA_640480.vhd sub00/vhpl07 1449046522
EN new_buffer_ram NULL C:/jiyuan/myVGA/ipcore_dir/new_buffer_ram.vhd sub00/vhpl05 1449046520
PH ascii_define NULL C:/jiyuan/CPU/src/keyboard/ascii_define.vhd sub00/vhpl04 1449046519
AR keyboard rtl C:/jiyuan/CPU/src/keyboard/Keyboard.vhd sub00/vhpl01 1449046529
AR kncontroller achieve C:/jiyuan/CPU/src/keyboard/KNController.vhd sub00/vhpl03 1449046533
