V3 44
FL C:/jiyuan/CPU/src/keyboard/ascii_define.vhd 2015/12/01.23:21:34 P.20131013
FL C:/jiyuan/CPU/src/keyboard/Keyboard.vhd 2015/12/02.10:29:55 P.20131013
FL C:/jiyuan/CPU/src/keyboard/KNController.vhd 2015/12/02.16:54:51 P.20131013
FL C:/jiyuan/myVGA/buffer.vhd 2015/12/02.16:55:13 P.20131013
FL C:/jiyuan/myVGA/font_rom.vhd 2015/12/02.15:24:48 P.20131013
FL C:/jiyuan/myVGA/ipcore_dir/new_buffer_ram.vhd 2015/12/02.13:59:02 P.20131013
FL C:/jiyuan/myVGA/VGAController.vhd 2015/12/02.15:59:24 P.20131013
FL C:/jiyuan/myVGA/VGA_640480.vhd 2015/12/02.13:59:22 P.20131013
FL C:/Projects/CPU/buffer/buffer.vhd 2015/12/02.17:57:25 P.20131013
FL C:/Projects/CPU/keyboard/ascii_define.vhd 2015/12/03.01:18:18 P.20131013
PH work/ascii_define 1449076944 FL C:/Projects/CPU/keyboard/ascii_define.vhd \
      PB ieee/std_logic_1164 1381692176 PB ieee/NUMERIC_STD 1381692181
FL C:/Projects/CPU/keyboard/Keyboard.vhd 2015/12/03.01:18:18 P.20131013
EN work/Keyboard 1449076953 FL C:/Projects/CPU/keyboard/Keyboard.vhd \
      PB ieee/std_logic_1164 1381692176 PB ieee/STD_LOGIC_UNSIGNED 1381692179 \
      PB ieee/std_logic_arith 1381692177
AR work/Keyboard/rtl 1449076954 \
      FL C:/Projects/CPU/keyboard/Keyboard.vhd EN work/Keyboard 1449076953
FL C:/Projects/CPU/keyboard/KNController.vhd 2015/12/03.01:18:18 P.20131013
EN work/KNController 1449076957 FL C:/Projects/CPU/keyboard/KNController.vhd \
      PB ieee/std_logic_1164 1381692176 PB ieee/STD_LOGIC_UNSIGNED 1381692179 \
      PB ieee/std_logic_arith 1381692177 PH work/ascii_define 1449076944
AR work/KNController/achieve 1449076958 \
      FL C:/Projects/CPU/keyboard/KNController.vhd EN work/KNController 1449076957 \
      CP keyboard CP VGAController
FL C:/Projects/CPU/keyboard_test/ipcore_dir/core_buffer_ram.vhd 2015/12/03.01:18:18 P.20131013
EN work/core_buffer_ram 1449076945 \
      FL C:/Projects/CPU/keyboard_test/ipcore_dir/core_buffer_ram.vhd \
      PB ieee/std_logic_1164 1381692176
AR work/core_buffer_ram/core_buffer_ram_a 1449076946 \
      FL C:/Projects/CPU/keyboard_test/ipcore_dir/core_buffer_ram.vhd \
      EN work/core_buffer_ram 1449076945
FL C:/Projects/CPU/keyboard_test/ipcore_dir/new_buffer_ram.vhd 2015/12/02.18:08:13 P.20131013
EN work/new_buffer_ram 1449050923 \
      FL C:/Projects/CPU/keyboard_test/ipcore_dir/new_buffer_ram.vhd \
      PB ieee/std_logic_1164 1381692176
AR work/new_buffer_ram/new_buffer_ram_a 1449050924 \
      FL C:/Projects/CPU/keyboard_test/ipcore_dir/new_buffer_ram.vhd \
      EN work/new_buffer_ram 1449050923
FL C:/Projects/CPU/myVGA/buffer.vhd 2015/12/03.01:18:19 P.20131013
EN work/my_buffer 1449076951 FL C:/Projects/CPU/myVGA/buffer.vhd \
      PB ieee/std_logic_1164 1381692176 PB ieee/NUMERIC_STD 1381692181 \
      PB ieee/std_logic_arith 1381692177 PB ieee/STD_LOGIC_UNSIGNED 1381692179 \
      PH work/ascii_define 1449076944
AR work/my_buffer/behavioral 1449076952 \
      FL C:/Projects/CPU/myVGA/buffer.vhd EN work/my_buffer 1449076951 \
      CP core_buffer_ram
FL C:/Projects/CPU/myVGA/font_rom.vhd 2015/12/03.01:18:19 P.20131013
EN work/fontROM 1449076949 FL C:/Projects/CPU/myVGA/font_rom.vhd \
      PB ieee/std_logic_1164 1381692176 PB ieee/NUMERIC_STD 1381692181
AR work/fontROM/Behavioral 1449076950 \
      FL C:/Projects/CPU/myVGA/font_rom.vhd EN work/fontROM 1449076949
FL C:/Projects/CPU/myVGA/VGAController.vhd 2015/12/03.01:18:19 P.20131013
EN work/VGAController 1449076955 FL C:/Projects/CPU/myVGA/VGAController.vhd \
      PB ieee/std_logic_1164 1381692176
AR work/VGAController/Behavioral 1449076956 \
      FL C:/Projects/CPU/myVGA/VGAController.vhd EN work/VGAController 1449076955 \
      CP vga640480 CP fontROM CP my_buffer
FL C:/Projects/CPU/myVGA/VGA_640480.vhd 2015/12/03.01:18:19 P.20131013
EN work/vga640480 1449076947 FL C:/Projects/CPU/myVGA/VGA_640480.vhd \
      PB ieee/std_logic_1164 1381692176 PB ieee/STD_LOGIC_UNSIGNED 1381692179 \
      PB ieee/std_logic_arith 1381692177
AR work/vga640480/behavior 1449076948 \
      FL C:/Projects/CPU/myVGA/VGA_640480.vhd EN work/vga640480 1449076947
FL C:/Projects/CPU/VGA/font_rom.vhd 2015/12/01.19:41:36 P.20131013
FL C:/Projects/CPU/VGA/VGA_640480.vhd 2015/12/01.19:41:36 P.20131013
FL C:/Projects/myVGA/VGAController.vhd 2015/12/02.15:18:23 P.20131013
