Release 14.7 - xst P.20131013 (nt)
Copyright (c) 1995-2013 Xilinx, Inc.  All rights reserved.
--> Parameter TMPDIR set to xst/projnav.tmp


Total REAL time to Xst completion: 0.00 secs
Total CPU time to Xst completion: 0.11 secs
 
--> Parameter xsthdpdir set to xst


Total REAL time to Xst completion: 0.00 secs
Total CPU time to Xst completion: 0.11 secs
 
--> Reading design: KNController.prj

TABLE OF CONTENTS
  1) Synthesis Options Summary
  2) HDL Compilation
  3) Design Hierarchy Analysis
  4) HDL Analysis
  5) HDL Synthesis
     5.1) HDL Synthesis Report
  6) Advanced HDL Synthesis
     6.1) Advanced HDL Synthesis Report
  7) Low Level Synthesis
  8) Partition Report
  9) Final Report
	9.1) Device utilization summary
	9.2) Partition Resource Summary
	9.3) TIMING REPORT


=========================================================================
*                      Synthesis Options Summary                        *
=========================================================================
---- Source Parameters
Input File Name                    : "KNController.prj"
Input Format                       : mixed
Ignore Synthesis Constraint File   : NO

---- Target Parameters
Output File Name                   : "KNController"
Output Format                      : NGC
Target Device                      : xc3s1200e-4-fg320

---- Source Options
Top Module Name                    : KNController
Automatic FSM Extraction           : YES
FSM Encoding Algorithm             : Auto
Safe Implementation                : No
FSM Style                          : LUT
RAM Extraction                     : Yes
RAM Style                          : Auto
ROM Extraction                     : Yes
Mux Style                          : Auto
Decoder Extraction                 : YES
Priority Encoder Extraction        : Yes
Shift Register Extraction          : YES
Logical Shifter Extraction         : YES
XOR Collapsing                     : YES
ROM Style                          : Auto
Mux Extraction                     : Yes
Resource Sharing                   : YES
Asynchronous To Synchronous        : NO
Multiplier Style                   : Auto
Automatic Register Balancing       : No

---- Target Options
Add IO Buffers                     : YES
Global Maximum Fanout              : 100000
Add Generic Clock Buffer(BUFG)     : 24
Register Duplication               : YES
Slice Packing                      : YES
Optimize Instantiated Primitives   : NO
Use Clock Enable                   : Yes
Use Synchronous Set                : Yes
Use Synchronous Reset              : Yes
Pack IO Registers into IOBs        : Auto
Equivalent register Removal        : YES

---- General Options
Optimization Goal                  : Speed
Optimization Effort                : 1
Keep Hierarchy                     : No
Netlist Hierarchy                  : As_Optimized
RTL Output                         : Yes
Global Optimization                : AllClockNets
Read Cores                         : YES
Write Timing Constraints           : NO
Cross Clock Analysis               : NO
Hierarchy Separator                : /
Bus Delimiter                      : <>
Case Specifier                     : Maintain
Slice Utilization Ratio            : 100
BRAM Utilization Ratio             : 100
Verilog 2001                       : YES
Auto BRAM Packing                  : NO
Slice Utilization Ratio Delta      : 5

---- Other Options
Cores Search Directories           : {"ipcore_dir"  }

=========================================================================


=========================================================================
*                          HDL Compilation                              *
=========================================================================
Compiling vhdl file "C:/Projects/CPU/keyboard/ascii_define.vhd" in Library work.
Compiling vhdl file "C:/Projects/CPU/keyboard_test/ipcore_dir/core_buffer_ram.vhd" in Library work.
Architecture core_buffer_ram_a of Entity core_buffer_ram is up to date.
Compiling vhdl file "C:/Projects/CPU/myVGA/VGA_640480.vhd" in Library work.
Architecture behavior of Entity vga640480 is up to date.
Compiling vhdl file "C:/Projects/CPU/myVGA/font_rom.vhd" in Library work.
Architecture behavioral of Entity fontrom is up to date.
Compiling vhdl file "C:/Projects/CPU/myVGA/buffer.vhd" in Library work.
Entity <my_buffer> compiled.
Entity <my_buffer> (Architecture <behavioral>) compiled.
Compiling vhdl file "C:/Projects/CPU/keyboard/Keyboard.vhd" in Library work.
Architecture rtl of Entity keyboard is up to date.
Compiling vhdl file "C:/Projects/CPU/myVGA/VGAController.vhd" in Library work.
Architecture behavioral of Entity vgacontroller is up to date.
Compiling vhdl file "C:/Projects/CPU/keyboard/KNController.vhd" in Library work.
Architecture achieve of Entity kncontroller is up to date.

=========================================================================
*                     Design Hierarchy Analysis                         *
=========================================================================
Analyzing hierarchy for entity <KNController> in library <work> (architecture <achieve>).

Analyzing hierarchy for entity <keyboard> in library <work> (architecture <rtl>).

Analyzing hierarchy for entity <VGAController> in library <work> (architecture <behavioral>).

Analyzing hierarchy for entity <vga640480> in library <work> (architecture <behavior>).

Analyzing hierarchy for entity <fontROM> in library <work> (architecture <behavioral>).

Analyzing hierarchy for entity <my_buffer> in library <work> (architecture <behavioral>).


=========================================================================
*                            HDL Analysis                               *
=========================================================================
Analyzing Entity <KNController> in library <work> (Architecture <achieve>).
INFO:Xst:2679 - Register <tmp> in unit <KNController> has a constant value of 00 during circuit operation. The register is replaced by logic.
Entity <KNController> analyzed. Unit <KNController> generated.

Analyzing Entity <keyboard> in library <work> (Architecture <rtl>).
Entity <keyboard> analyzed. Unit <keyboard> generated.

Analyzing Entity <VGAController> in library <work> (Architecture <behavioral>).
Entity <VGAController> analyzed. Unit <VGAController> generated.

Analyzing Entity <vga640480> in library <work> (Architecture <behavior>).
Entity <vga640480> analyzed. Unit <vga640480> generated.

Analyzing Entity <fontROM> in library <work> (Architecture <behavioral>).
Entity <fontROM> analyzed. Unit <fontROM> generated.

Analyzing Entity <my_buffer> in library <work> (Architecture <behavioral>).
WARNING:Xst:2211 - "C:/Projects/CPU/myVGA/buffer.vhd" line 61: Instantiating black box module <core_buffer_ram>.
WARNING:Xst:819 - "C:/Projects/CPU/myVGA/buffer.vhd" line 97: One or more signals are missing in the process sensitivity list. To enable synthesis of FPGA/CPLD hardware, XST will assume that all necessary signals are present in the sensitivity list. Please note that the result of the synthesis may differ from the initial design specification. The missing signals are:
   <MAX_COL>, <doutb>
Entity <my_buffer> analyzed. Unit <my_buffer> generated.


=========================================================================
*                           HDL Synthesis                               *
=========================================================================

Performing bidirectional port resolution...

Synthesizing Unit <keyboard>.
    Related source file is "C:/Projects/CPU/keyboard/Keyboard.vhd".
    Found finite state machine <FSM_0> for signal <state>.
    -----------------------------------------------------------------------
    | States             | 13                                             |
    | Transitions        | 27                                             |
    | Inputs             | 3                                              |
    | Outputs            | 9                                              |
    | Clock              | fclk                      (rising_edge)        |
    | Reset              | rst                       (positive)           |
    | Reset type         | asynchronous                                   |
    | Reset State        | delay                                          |
    | Power Up State     | delay                                          |
    | Encoding           | automatic                                      |
    | Implementation     | LUT                                            |
    -----------------------------------------------------------------------
WARNING:Xst:737 - Found 8-bit latch for signal <scancode>. Latches may be generated from incomplete case or if statements. We do not recommend the use of latches in FPGA/CPLD designs, as they may lead to timing problems.
    Found 1-bit register for signal <clk1>.
    Found 1-bit register for signal <clk2>.
    Found 8-bit register for signal <code>.
    Found 1-bit register for signal <data>.
    Found 1-bit register for signal <fok>.
    Found 1-bit xor9 for signal <state$xor0000> created at line 96.
    Summary:
	inferred   1 Finite State Machine(s).
	inferred  12 D-type flip-flop(s).
	inferred   1 Xor(s).
Unit <keyboard> synthesized.


Synthesizing Unit <vga640480>.
    Related source file is "C:/Projects/CPU/myVGA/VGA_640480.vhd".
    Register <g1> equivalent to <b1> has been removed
    Register <r1> equivalent to <b1> has been removed
    Found 7-bit register for signal <bit_addr>.
    Found 1-bit register for signal <hs>.
    Found 12-bit register for signal <char_addr>.
    Found 1-bit register for signal <vs>.
    Found 3-bit register for signal <b1>.
    Found 1-bit register for signal <clk>.
    Found 1-bit register for signal <hs1>.
    Found 11-bit comparator greatequal for signal <hs1$cmp_ge0000> created at line 70.
    Found 11-bit comparator less for signal <hs1$cmp_lt0000> created at line 70.
    Found 11-bit comparator less for signal <r1$cmp_lt0000> created at line 118.
    Found 10-bit comparator less for signal <r1$cmp_lt0001> created at line 118.
    Found 10-bit up counter for signal <vector_x>.
    Found 9-bit up counter for signal <vector_y>.
    Found 1-bit register for signal <vs1>.
    Found 10-bit comparator greatequal for signal <vs1$cmp_ge0000> created at line 83.
    Found 10-bit comparator less for signal <vs1$cmp_lt0000> created at line 83.
    Summary:
	inferred   2 Counter(s).
	inferred  27 D-type flip-flop(s).
	inferred   6 Comparator(s).
Unit <vga640480> synthesized.


Synthesizing Unit <fontROM>.
    Related source file is "C:/Projects/CPU/myVGA/font_rom.vhd".
WARNING:Xst:647 - Input <clk> is never used. This port will be preserved and left unconnected if it belongs to a top-level block or it belongs to a sub-block and the hierarchy of this sub-block is preserved.
WARNING:Xst:1781 - Signal <ROM> is used but never assigned. Tied to default value.
    Found 2048x8-bit ROM for signal <dataOut$varindex0000> created at line 2213.
    Found 1-bit 8-to-1 multiplexer for signal <dataOut>.
    Summary:
	inferred   1 ROM(s).
	inferred   1 Multiplexer(s).
Unit <fontROM> synthesized.


Synthesizing Unit <my_buffer>.
    Related source file is "C:/Projects/CPU/myVGA/buffer.vhd".
WARNING:Xst:647 - Input <rst> is never used. This port will be preserved and left unconnected if it belongs to a top-level block or it belongs to a sub-block and the hierarchy of this sub-block is preserved.
WARNING:Xst:1305 - Output <can_write> is never assigned. Tied to value 0.
WARNING:Xst:1780 - Signal <tem_ascii> is never used or assigned. This unconnected signal will be trimmed during the optimization process.
WARNING:Xst:646 - Signal <read_row<31:5>> is assigned but never used. This unconnected signal will be trimmed during the optimization process.
WARNING:Xst:653 - Signal <ram_en<0>> is used but never assigned. This sourceless signal will be automatically connected to value 1.
WARNING:Xst:1780 - Signal <physical_row> is never used or assigned. This unconnected signal will be trimmed during the optimization process.
WARNING:Xst:1780 - Signal <physical_col> is never used or assigned. This unconnected signal will be trimmed during the optimization process.
WARNING:Xst:1780 - Signal <init_string<255:249>> is never used or assigned. This unconnected signal will be trimmed during the optimization process.
WARNING:Xst:653 - Signal <init_string<248:0>> is used but never assigned. This sourceless signal will be automatically connected to value 000000000000000000000000000000000000000000000000000000000000000000000000000000000000000000000000000000000000000000000000000000000000000000000000000000000000000000000000000000000000000000000000000000000000000000000000000000000000000000000000000000000.
WARNING:Xst:646 - Signal <doutb<3:0>> is assigned but never used. This unconnected signal will be trimmed during the optimization process.
WARNING:Xst:1780 - Signal <data_to_write> is never used or assigned. This unconnected signal will be trimmed during the optimization process.
WARNING:Xst:1780 - Signal <MAX_ROW> is never used or assigned. This unconnected signal will be trimmed during the optimization process.
WARNING:Xst:653 - Signal <MAX_COL> is used but never assigned. This sourceless signal will be automatically connected to value 00000000000000000000000000100000.
WARNING:Xst:737 - Found 5-bit latch for signal <addrb>. Latches may be generated from incomplete case or if statements. We do not recommend the use of latches in FPGA/CPLD designs, as they may lead to timing problems.
WARNING:Xst:643 - "C:/Projects/CPU/myVGA/buffer.vhd" line 91: The result of a 32x4-bit multiplication is partially used. Only the 32 least significant bits are used. If you are doing this on purpose, you may safely ignore this warning. Otherwise, make sure you are not losing information, leading to unexpected circuit behavior.
    Found 5-bit register for signal <addra>.
    Found 5-bit adder for signal <addra$sub0000> created at line 89.
    Found 32-bit comparator greater for signal <addrb$cmp_gt0000> created at line 101.
    Found 5-bit adder for signal <addrb$sub0000> created at line 106.
    Found 7x3-bit multiplier for signal <ascii_to_vga$mult0000> created at line 107.
    Found 256-bit register for signal <dina>.
    Found 32x4-bit multiplier for signal <dina_34$mult0000> created at line 91.
    Found 32-bit comparator greater for signal <not_exceed_max_col$cmp_gt0000> created at line 101.
    Found 32-bit updown counter for signal <write_col>.
    Found 32-bit comparator greatequal for signal <write_col$cmp_ge0000> created at line 84.
    Found 32-bit comparator less for signal <write_col$cmp_lt0000> created at line 79.
    Found 32-bit up counter for signal <write_row>.
    Found 32-bit comparator less for signal <write_row$cmp_lt0000> created at line 84.
INFO:Xst:738 - HDL ADVISOR - 256 flip-flops were inferred for signal <dina>. You may be trying to describe a RAM in a way that is incompatible with block and distributed RAM resources available on Xilinx devices, or with a specific template that is not supported. Please review the Xilinx resources documentation and the XST user manual for coding guidelines. Taking advantage of RAM resources will lead to improved device usage and reduced synthesis time.
    Summary:
	inferred   2 Counter(s).
	inferred 261 D-type flip-flop(s).
	inferred   2 Adder/Subtractor(s).
	inferred   2 Multiplier(s).
	inferred   5 Comparator(s).
Unit <my_buffer> synthesized.


Synthesizing Unit <VGAController>.
    Related source file is "C:/Projects/CPU/myVGA/VGAController.vhd".
WARNING:Xst:646 - Signal <temp> is assigned but never used. This unconnected signal will be trimmed during the optimization process.
WARNING:Xst:646 - Signal <not_exceed> is assigned but never used. This unconnected signal will be trimmed during the optimization process.
WARNING:Xst:646 - Signal <clk25> is assigned but never used. This unconnected signal will be trimmed during the optimization process.
Unit <VGAController> synthesized.


Synthesizing Unit <KNController>.
    Related source file is "C:/Projects/CPU/keyboard/KNController.vhd".
WARNING:Xst:1306 - Output <status> is never assigned.
WARNING:Xst:646 - Signal <s0> is assigned but never used. This unconnected signal will be trimmed during the optimization process.
WARNING:Xst:646 - Signal <is_valid_char> is assigned but never used. This unconnected signal will be trimmed during the optimization process.
    Found 1-bit register for signal <is_being_pressed>.
    Found 8-bit register for signal <tem_ascii>.
    Summary:
	inferred   1 D-type flip-flop(s).
Unit <KNController> synthesized.


=========================================================================
HDL Synthesis Report

Macro Statistics
# ROMs                                                 : 1
 2048x8-bit ROM                                        : 1
# Multipliers                                          : 2
 32x4-bit multiplier                                   : 1
 7x3-bit multiplier                                    : 1
# Adders/Subtractors                                   : 2
 5-bit adder                                           : 2
# Counters                                             : 4
 10-bit up counter                                     : 1
 32-bit up counter                                     : 1
 32-bit updown counter                                 : 1
 9-bit up counter                                      : 1
# Registers                                            : 279
 1-bit register                                        : 274
 12-bit register                                       : 1
 3-bit register                                        : 1
 5-bit register                                        : 1
 7-bit register                                        : 1
 8-bit register                                        : 1
# Latches                                              : 2
 5-bit latch                                           : 1
 8-bit latch                                           : 1
# Comparators                                          : 11
 10-bit comparator greatequal                          : 1
 10-bit comparator less                                : 2
 11-bit comparator greatequal                          : 1
 11-bit comparator less                                : 2
 32-bit comparator greatequal                          : 1
 32-bit comparator greater                             : 2
 32-bit comparator less                                : 2
# Multiplexers                                         : 1
 1-bit 8-to-1 multiplexer                              : 1
# Xors                                                 : 1
 1-bit xor9                                            : 1

=========================================================================

=========================================================================
*                       Advanced HDL Synthesis                          *
=========================================================================

Analyzing FSM <FSM_0> for best encoding.
Optimizing FSM <KB/state/FSM> on signal <state[1:4]> with gray encoding.
--------------------
 State  | Encoding
--------------------
 delay  | 0000
 start  | 0001
 d0     | 0011
 d1     | 0010
 d2     | 0110
 d3     | 0111
 d4     | 0101
 d5     | 0100
 d6     | 1100
 d7     | 1101
 parity | 1111
 stop   | 1110
 finish | 1010
--------------------
Reading core <ipcore_dir/core_buffer_ram.ngc>.
Loading core <core_buffer_ram> for timing and area information for instance <my_buffer_ram>.
INFO:Xst:2261 - The FF/Latch <b1_0> in Unit <Inst_vga640480> is equivalent to the following 2 FFs/Latches, which will be removed : <b1_1> <b1_2> 
WARNING:Xst:1710 - FF/Latch <dina_0> (without init value) has a constant value of 0 in block <Inst_my_buffer>. This FF/Latch will be trimmed during the optimization process.
WARNING:Xst:1710 - FF/Latch <dina_1> (without init value) has a constant value of 0 in block <Inst_my_buffer>. This FF/Latch will be trimmed during the optimization process.
WARNING:Xst:1710 - FF/Latch <dina_2> (without init value) has a constant value of 0 in block <Inst_my_buffer>. This FF/Latch will be trimmed during the optimization process.
WARNING:Xst:1710 - FF/Latch <dina_3> (without init value) has a constant value of 0 in block <Inst_my_buffer>. This FF/Latch will be trimmed during the optimization process.
WARNING:Xst:1710 - FF/Latch <7> (without init value) has a constant value of 0 in block <tem_ascii>. This FF/Latch will be trimmed during the optimization process.

Synthesizing (advanced) Unit <VGAController>.
	Found pipelined multiplier on signal <Inst_my_buffer/ascii_to_vga_mult0000>:
		- 1 pipeline level(s) found in a register on signal <to_buffer_char_addr>.
		Pushing register(s) into the multiplier macro.
INFO:Xst:2385 - HDL ADVISOR - You can improve the performance of the multiplier Inst_my_buffer/Mmult_ascii_to_vga_mult0000 by adding 1 register level(s).
Unit <VGAController> synthesized (advanced).

=========================================================================
Advanced HDL Synthesis Report

Macro Statistics
# ROMs                                                 : 1
 2048x8-bit ROM                                        : 1
# Multipliers                                          : 2
 32x4-bit multiplier                                   : 1
 7x3-bit registered multiplier                         : 1
# Adders/Subtractors                                   : 2
 5-bit adder                                           : 2
# Counters                                             : 4
 10-bit up counter                                     : 1
 32-bit up counter                                     : 1
 32-bit updown counter                                 : 1
 9-bit up counter                                      : 1
# Registers                                            : 313
 Flip-Flops                                            : 313
# Latches                                              : 2
 5-bit latch                                           : 1
 8-bit latch                                           : 1
# Comparators                                          : 11
 10-bit comparator greatequal                          : 1
 10-bit comparator less                                : 2
 11-bit comparator greatequal                          : 1
 11-bit comparator less                                : 2
 32-bit comparator greatequal                          : 1
 32-bit comparator greater                             : 2
 32-bit comparator less                                : 2
# Multiplexers                                         : 1
 1-bit 8-to-1 multiplexer                              : 1
# Xors                                                 : 1
 1-bit xor9                                            : 1

=========================================================================

=========================================================================
*                         Low Level Synthesis                           *
=========================================================================
WARNING:Xst:1710 - FF/Latch <Inst_my_buffer/dina_3> (without init value) has a constant value of 0 in block <VGAController>. This FF/Latch will be trimmed during the optimization process.
WARNING:Xst:1895 - Due to other FF/Latch trimming, FF/Latch <Inst_my_buffer/dina_2> (without init value) has a constant value of 0 in block <VGAController>. This FF/Latch will be trimmed during the optimization process.
WARNING:Xst:1895 - Due to other FF/Latch trimming, FF/Latch <Inst_my_buffer/dina_1> (without init value) has a constant value of 0 in block <VGAController>. This FF/Latch will be trimmed during the optimization process.
WARNING:Xst:1895 - Due to other FF/Latch trimming, FF/Latch <Inst_my_buffer/dina_0> (without init value) has a constant value of 0 in block <VGAController>. This FF/Latch will be trimmed during the optimization process.
INFO:Xst:2261 - The FF/Latch <Inst_vga640480/b1_0> in Unit <VGAController> is equivalent to the following 2 FFs/Latches, which will be removed : <Inst_vga640480/b1_1> <Inst_vga640480/b1_2> 
WARNING:Xst:1710 - FF/Latch <7> (without init value) has a constant value of 0 in block <LPM_DFF_11>. This FF/Latch will be trimmed during the optimization process.
WARNING:Xst:2677 - Node <Inst_my_buffer/write_row_5> of sequential type is unconnected in block <VGAController>.
WARNING:Xst:2677 - Node <Inst_my_buffer/write_row_6> of sequential type is unconnected in block <VGAController>.
WARNING:Xst:2677 - Node <Inst_my_buffer/write_row_7> of sequential type is unconnected in block <VGAController>.
WARNING:Xst:2677 - Node <Inst_my_buffer/write_row_8> of sequential type is unconnected in block <VGAController>.
WARNING:Xst:2677 - Node <Inst_my_buffer/write_row_9> of sequential type is unconnected in block <VGAController>.
WARNING:Xst:2677 - Node <Inst_my_buffer/write_row_10> of sequential type is unconnected in block <VGAController>.
WARNING:Xst:2677 - Node <Inst_my_buffer/write_row_11> of sequential type is unconnected in block <VGAController>.
WARNING:Xst:2677 - Node <Inst_my_buffer/write_row_12> of sequential type is unconnected in block <VGAController>.
WARNING:Xst:2677 - Node <Inst_my_buffer/write_row_13> of sequential type is unconnected in block <VGAController>.
WARNING:Xst:2677 - Node <Inst_my_buffer/write_row_14> of sequential type is unconnected in block <VGAController>.
WARNING:Xst:2677 - Node <Inst_my_buffer/write_row_15> of sequential type is unconnected in block <VGAController>.
WARNING:Xst:2677 - Node <Inst_my_buffer/write_row_16> of sequential type is unconnected in block <VGAController>.
WARNING:Xst:2677 - Node <Inst_my_buffer/write_row_17> of sequential type is unconnected in block <VGAController>.
WARNING:Xst:2677 - Node <Inst_my_buffer/write_row_18> of sequential type is unconnected in block <VGAController>.
WARNING:Xst:2677 - Node <Inst_my_buffer/write_row_19> of sequential type is unconnected in block <VGAController>.
WARNING:Xst:2677 - Node <Inst_my_buffer/write_row_20> of sequential type is unconnected in block <VGAController>.
WARNING:Xst:2677 - Node <Inst_my_buffer/write_row_21> of sequential type is unconnected in block <VGAController>.
WARNING:Xst:2677 - Node <Inst_my_buffer/write_row_22> of sequential type is unconnected in block <VGAController>.
WARNING:Xst:2677 - Node <Inst_my_buffer/write_row_23> of sequential type is unconnected in block <VGAController>.
WARNING:Xst:2677 - Node <Inst_my_buffer/write_row_24> of sequential type is unconnected in block <VGAController>.
WARNING:Xst:2677 - Node <Inst_my_buffer/write_row_25> of sequential type is unconnected in block <VGAController>.
WARNING:Xst:2677 - Node <Inst_my_buffer/write_row_26> of sequential type is unconnected in block <VGAController>.
WARNING:Xst:2677 - Node <Inst_my_buffer/write_row_27> of sequential type is unconnected in block <VGAController>.
WARNING:Xst:2677 - Node <Inst_my_buffer/write_row_28> of sequential type is unconnected in block <VGAController>.
WARNING:Xst:2677 - Node <Inst_my_buffer/write_row_29> of sequential type is unconnected in block <VGAController>.
WARNING:Xst:2677 - Node <Inst_my_buffer/write_row_30> of sequential type is unconnected in block <VGAController>.
WARNING:Xst:2677 - Node <Inst_my_buffer/write_row_31> of sequential type is unconnected in block <VGAController>.
INFO:Xst:2261 - The FF/Latch <Inst_vga640480/char_addr_1> in Unit <VGAController> is equivalent to the following FF/Latch, which will be removed : <Inst_my_buffer/Mmult_ascii_to_vga_mult0000_5> 
INFO:Xst:2261 - The FF/Latch <Inst_vga640480/char_addr_2> in Unit <VGAController> is equivalent to the following FF/Latch, which will be removed : <Inst_my_buffer/Mmult_ascii_to_vga_mult0000_4> 
INFO:Xst:2261 - The FF/Latch <Inst_vga640480/char_addr_3> in Unit <VGAController> is equivalent to the following FF/Latch, which will be removed : <Inst_my_buffer/Mmult_ascii_to_vga_mult0000_3> 
INFO:Xst:2261 - The FF/Latch <Inst_vga640480/char_addr_4> in Unit <VGAController> is equivalent to the following FF/Latch, which will be removed : <Inst_my_buffer/Mmult_ascii_to_vga_mult0000_2> 
INFO:Xst:2261 - The FF/Latch <Inst_vga640480/char_addr_5> in Unit <VGAController> is equivalent to the following FF/Latch, which will be removed : <Inst_my_buffer/Mmult_ascii_to_vga_mult0000_1> 
INFO:Xst:2261 - The FF/Latch <Inst_vga640480/char_addr_6> in Unit <VGAController> is equivalent to the following FF/Latch, which will be removed : <Inst_my_buffer/Mmult_ascii_to_vga_mult0000_0> 
INFO:Xst:2261 - The FF/Latch <Inst_vga640480/char_addr_0> in Unit <VGAController> is equivalent to the following FF/Latch, which will be removed : <Inst_my_buffer/Mmult_ascii_to_vga_mult0000_6> 

Optimizing unit <KNController> ...

Optimizing unit <keyboard> ...

Optimizing unit <VGAController> ...

Mapping all equations...
Building and optimizing final netlist ...
Found area constraint ratio of 100 (+ 5) on block KNController, actual ratio is 10.
FlipFlop Inst_VGAController/Inst_vga640480/char_addr_0 has been replicated 1 time(s)
Latch KB/scancode_7 has been replicated 1 time(s) to handle iob=true attribute.
Latch KB/scancode_6 has been replicated 1 time(s) to handle iob=true attribute.
Latch KB/scancode_5 has been replicated 1 time(s) to handle iob=true attribute.
Latch KB/scancode_4 has been replicated 1 time(s) to handle iob=true attribute.
Latch KB/scancode_3 has been replicated 1 time(s) to handle iob=true attribute.
Latch KB/scancode_2 has been replicated 1 time(s) to handle iob=true attribute.
Latch KB/scancode_1 has been replicated 1 time(s) to handle iob=true attribute.
Latch KB/scancode_0 has been replicated 1 time(s) to handle iob=true attribute.

Final Macro Processing ...

=========================================================================
Final Register Report

Macro Statistics
# Registers                                            : 363
 Flip-Flops                                            : 363

=========================================================================

=========================================================================
*                           Partition Report                            *
=========================================================================

Partition Implementation Status
-------------------------------

  No Partitions were found in this design.

-------------------------------

=========================================================================
*                            Final Report                               *
=========================================================================
Final Results
RTL Top Level Output File Name     : KNController.ngr
Top Level Output File Name         : KNController
Output Format                      : NGC
Optimization Goal                  : Speed
Keep Hierarchy                     : No

Design Statistics
# IOs                              : 33

Cell Usage :
# BELS                             : 2306
#      GND                         : 2
#      INV                         : 17
#      LUT1                        : 22
#      LUT2                        : 79
#      LUT2_D                      : 11
#      LUT3                        : 333
#      LUT3_D                      : 29
#      LUT3_L                      : 8
#      LUT4                        : 1042
#      LUT4_D                      : 124
#      LUT4_L                      : 77
#      MUXCY                       : 112
#      MUXF5                       : 245
#      MUXF6                       : 83
#      MUXF7                       : 32
#      MUXF8                       : 10
#      VCC                         : 2
#      XORCY                       : 78
# FlipFlops/Latches                : 384
#      FD                          : 3
#      FDC                         : 18
#      FDCE                        : 17
#      FDCE_1                      : 6
#      FDE                         : 282
#      FDE_1                       : 1
#      FDP                         : 2
#      FDPE_1                      : 1
#      FDR                         : 1
#      FDRE                        : 32
#      LD                          : 21
# RAMS                             : 8
#      RAMB16_S36_S36              : 8
# Clock Buffers                    : 2
#      BUFG                        : 1
#      BUFGP                       : 1
# IO Buffers                       : 31
#      IBUF                        : 3
#      OBUF                        : 28
# MULTs                            : 2
#      MULT18X18SIO                : 2
=========================================================================

Device utilization summary:
---------------------------

Selected Device : 3s1200efg320-4 

 Number of Slices:                      914  out of   8672    10%  
 Number of Slice Flip Flops:            376  out of  17344     2%  
 Number of 4 input LUTs:               1742  out of  17344    10%  
 Number of IOs:                          33
 Number of bonded IOBs:                  32  out of    250    12%  
    IOB Flip Flops:                       8
 Number of BRAMs:                         8  out of     28    28%  
 Number of MULT18X18SIOs:                 2  out of     28     7%  
 Number of GCLKs:                         2  out of     24     8%  

---------------------------
Partition Resource Summary:
---------------------------

  No Partitions were found in this design.

---------------------------


=========================================================================
TIMING REPORT

NOTE: THESE TIMING NUMBERS ARE ONLY A SYNTHESIS ESTIMATE.
      FOR ACCURATE TIMING INFORMATION PLEASE REFER TO THE TRACE REPORT
      GENERATED AFTER PLACE-and-ROUTE.

Clock Information:
------------------
---------------------------------------------------------------------------------------------------+---------------------------------------------------+-------+
Clock Signal                                                                                       | Clock buffer(FF name)                             | Load  |
---------------------------------------------------------------------------------------------------+---------------------------------------------------+-------+
sys_clk                                                                                            | BUFGP                                             | 327   |
KB/fok                                                                                             | NONE(KB/scancode_7)                               | 16    |
Inst_VGAController/Inst_vga640480/clk1                                                             | BUFG                                              | 44    |
Inst_VGAController/Inst_my_buffer/addrb_not0002(Inst_VGAController/Inst_my_buffer/addrb_not00021:O)| NONE(*)(Inst_VGAController/Inst_my_buffer/addrb_4)| 5     |
---------------------------------------------------------------------------------------------------+---------------------------------------------------+-------+
(*) This 1 clock signal(s) are generated by combinatorial logic,
and XST is not able to identify which are the primary clock signals.
Please use the CLOCK_SIGNAL constraint to specify the clock signal(s) generated by combinatorial logic.
INFO:Xst:2169 - HDL ADVISOR - Some clock signals were not automatically buffered by XST with BUFG/BUFR resources. Please use the buffer_type constraint in order to insert these buffers to the clock signals to help prevent skew problems.

Asynchronous Control Signals Information:
----------------------------------------
-------------------------------------------------------+---------------------------------------------+-------+
Control Signal                                         | Buffer(FF name)                             | Load  |
-------------------------------------------------------+---------------------------------------------+-------+
Inst_VGAController/rst_inv(tem_ascii_Acst_inv1_INV_0:O)| NONE(Inst_VGAController/Inst_vga640480/b1_0)| 44    |
-------------------------------------------------------+---------------------------------------------+-------+

Timing Summary:
---------------
Speed Grade: -4

   Minimum period: 21.751ns (Maximum Frequency: 45.974MHz)
   Minimum input arrival time before clock: 4.061ns
   Maximum output required time after clock: 7.343ns
   Maximum combinational path delay: No path found

Timing Detail:
--------------
All values displayed in nanoseconds (ns)

=========================================================================
Timing constraint: Default period analysis for Clock 'sys_clk'
  Clock period: 18.539ns (frequency: 53.942MHz)
  Total number of paths / destination ports: 2570592 / 944
-------------------------------------------------------------------------
Delay:               9.269ns (Levels of Logic = 35)
  Source:            tem_ascii_2 (FF)
  Destination:       Inst_VGAController/Inst_my_buffer/write_col_31 (FF)
  Source Clock:      sys_clk falling
  Destination Clock: sys_clk rising

  Data Path: tem_ascii_2 to Inst_VGAController/Inst_my_buffer/write_col_31
                                Gate     Net
    Cell:in->out      fanout   Delay   Delay  Logical Name (Net Name)
    ----------------------------------------  ------------
     FDCE_1:C->Q          38   0.591   1.439  tem_ascii_2 (tem_ascii_2)
     LUT3:I0->O            1   0.704   0.424  Inst_VGAController/Inst_my_buffer/write_col_cmp_eq00001_SW0 (N138)
     LUT4:I3->O           35   0.704   1.342  Inst_VGAController/Inst_my_buffer/write_col_cmp_eq00001 (Inst_VGAController/N321)
     LUT2:I1->O            1   0.704   0.420  Inst_VGAController/Inst_my_buffer/write_row_cmp_eq00001 (Inst_VGAController/Inst_my_buffer/write_col_not0001_inv)
     MUXCY:CI->O           1   0.059   0.000  Inst_VGAController/Inst_my_buffer/Mcount_write_col_cy<0> (Inst_VGAController/Inst_my_buffer/Mcount_write_col_cy<0>)
     MUXCY:CI->O           1   0.059   0.000  Inst_VGAController/Inst_my_buffer/Mcount_write_col_cy<1> (Inst_VGAController/Inst_my_buffer/Mcount_write_col_cy<1>)
     MUXCY:CI->O           1   0.059   0.000  Inst_VGAController/Inst_my_buffer/Mcount_write_col_cy<2> (Inst_VGAController/Inst_my_buffer/Mcount_write_col_cy<2>)
     MUXCY:CI->O           1   0.059   0.000  Inst_VGAController/Inst_my_buffer/Mcount_write_col_cy<3> (Inst_VGAController/Inst_my_buffer/Mcount_write_col_cy<3>)
     MUXCY:CI->O           1   0.059   0.000  Inst_VGAController/Inst_my_buffer/Mcount_write_col_cy<4> (Inst_VGAController/Inst_my_buffer/Mcount_write_col_cy<4>)
     MUXCY:CI->O           1   0.059   0.000  Inst_VGAController/Inst_my_buffer/Mcount_write_col_cy<5> (Inst_VGAController/Inst_my_buffer/Mcount_write_col_cy<5>)
     MUXCY:CI->O           1   0.059   0.000  Inst_VGAController/Inst_my_buffer/Mcount_write_col_cy<6> (Inst_VGAController/Inst_my_buffer/Mcount_write_col_cy<6>)
     MUXCY:CI->O           1   0.059   0.000  Inst_VGAController/Inst_my_buffer/Mcount_write_col_cy<7> (Inst_VGAController/Inst_my_buffer/Mcount_write_col_cy<7>)
     MUXCY:CI->O           1   0.059   0.000  Inst_VGAController/Inst_my_buffer/Mcount_write_col_cy<8> (Inst_VGAController/Inst_my_buffer/Mcount_write_col_cy<8>)
     MUXCY:CI->O           1   0.059   0.000  Inst_VGAController/Inst_my_buffer/Mcount_write_col_cy<9> (Inst_VGAController/Inst_my_buffer/Mcount_write_col_cy<9>)
     MUXCY:CI->O           1   0.059   0.000  Inst_VGAController/Inst_my_buffer/Mcount_write_col_cy<10> (Inst_VGAController/Inst_my_buffer/Mcount_write_col_cy<10>)
     MUXCY:CI->O           1   0.059   0.000  Inst_VGAController/Inst_my_buffer/Mcount_write_col_cy<11> (Inst_VGAController/Inst_my_buffer/Mcount_write_col_cy<11>)
     MUXCY:CI->O           1   0.059   0.000  Inst_VGAController/Inst_my_buffer/Mcount_write_col_cy<12> (Inst_VGAController/Inst_my_buffer/Mcount_write_col_cy<12>)
     MUXCY:CI->O           1   0.059   0.000  Inst_VGAController/Inst_my_buffer/Mcount_write_col_cy<13> (Inst_VGAController/Inst_my_buffer/Mcount_write_col_cy<13>)
     MUXCY:CI->O           1   0.059   0.000  Inst_VGAController/Inst_my_buffer/Mcount_write_col_cy<14> (Inst_VGAController/Inst_my_buffer/Mcount_write_col_cy<14>)
     MUXCY:CI->O           1   0.059   0.000  Inst_VGAController/Inst_my_buffer/Mcount_write_col_cy<15> (Inst_VGAController/Inst_my_buffer/Mcount_write_col_cy<15>)
     MUXCY:CI->O           1   0.059   0.000  Inst_VGAController/Inst_my_buffer/Mcount_write_col_cy<16> (Inst_VGAController/Inst_my_buffer/Mcount_write_col_cy<16>)
     MUXCY:CI->O           1   0.059   0.000  Inst_VGAController/Inst_my_buffer/Mcount_write_col_cy<17> (Inst_VGAController/Inst_my_buffer/Mcount_write_col_cy<17>)
     MUXCY:CI->O           1   0.059   0.000  Inst_VGAController/Inst_my_buffer/Mcount_write_col_cy<18> (Inst_VGAController/Inst_my_buffer/Mcount_write_col_cy<18>)
     MUXCY:CI->O           1   0.059   0.000  Inst_VGAController/Inst_my_buffer/Mcount_write_col_cy<19> (Inst_VGAController/Inst_my_buffer/Mcount_write_col_cy<19>)
     MUXCY:CI->O           1   0.059   0.000  Inst_VGAController/Inst_my_buffer/Mcount_write_col_cy<20> (Inst_VGAController/Inst_my_buffer/Mcount_write_col_cy<20>)
     MUXCY:CI->O           1   0.059   0.000  Inst_VGAController/Inst_my_buffer/Mcount_write_col_cy<21> (Inst_VGAController/Inst_my_buffer/Mcount_write_col_cy<21>)
     MUXCY:CI->O           1   0.059   0.000  Inst_VGAController/Inst_my_buffer/Mcount_write_col_cy<22> (Inst_VGAController/Inst_my_buffer/Mcount_write_col_cy<22>)
     MUXCY:CI->O           1   0.059   0.000  Inst_VGAController/Inst_my_buffer/Mcount_write_col_cy<23> (Inst_VGAController/Inst_my_buffer/Mcount_write_col_cy<23>)
     MUXCY:CI->O           1   0.059   0.000  Inst_VGAController/Inst_my_buffer/Mcount_write_col_cy<24> (Inst_VGAController/Inst_my_buffer/Mcount_write_col_cy<24>)
     MUXCY:CI->O           1   0.059   0.000  Inst_VGAController/Inst_my_buffer/Mcount_write_col_cy<25> (Inst_VGAController/Inst_my_buffer/Mcount_write_col_cy<25>)
     MUXCY:CI->O           1   0.059   0.000  Inst_VGAController/Inst_my_buffer/Mcount_write_col_cy<26> (Inst_VGAController/Inst_my_buffer/Mcount_write_col_cy<26>)
     MUXCY:CI->O           1   0.059   0.000  Inst_VGAController/Inst_my_buffer/Mcount_write_col_cy<27> (Inst_VGAController/Inst_my_buffer/Mcount_write_col_cy<27>)
     MUXCY:CI->O           1   0.059   0.000  Inst_VGAController/Inst_my_buffer/Mcount_write_col_cy<28> (Inst_VGAController/Inst_my_buffer/Mcount_write_col_cy<28>)
     MUXCY:CI->O           1   0.059   0.000  Inst_VGAController/Inst_my_buffer/Mcount_write_col_cy<29> (Inst_VGAController/Inst_my_buffer/Mcount_write_col_cy<29>)
     MUXCY:CI->O           0   0.059   0.000  Inst_VGAController/Inst_my_buffer/Mcount_write_col_cy<30> (Inst_VGAController/Inst_my_buffer/Mcount_write_col_cy<30>)
     XORCY:CI->O           1   0.804   0.000  Inst_VGAController/Inst_my_buffer/Mcount_write_col_xor<31> (Inst_VGAController/Result<31>)
     FDRE:D                    0.308          Inst_VGAController/Inst_my_buffer/write_col_31
    ----------------------------------------
    Total                      9.269ns (5.644ns logic, 3.625ns route)
                                       (60.9% logic, 39.1% route)

=========================================================================
Timing constraint: Default period analysis for Clock 'Inst_VGAController/Inst_vga640480/clk1'
  Clock period: 21.751ns (frequency: 45.974MHz)
  Total number of paths / destination ports: 3850427 / 73
-------------------------------------------------------------------------
Delay:               21.751ns (Levels of Logic = 21)
  Source:            Inst_VGAController/Inst_vga640480/char_addr_1 (FF)
  Destination:       Inst_VGAController/Inst_vga640480/b1_0 (FF)
  Source Clock:      Inst_VGAController/Inst_vga640480/clk1 rising
  Destination Clock: Inst_VGAController/Inst_vga640480/clk1 rising

  Data Path: Inst_VGAController/Inst_vga640480/char_addr_1 to Inst_VGAController/Inst_vga640480/b1_0
                                Gate     Net
    Cell:in->out      fanout   Delay   Delay  Logical Name (Net Name)
    ----------------------------------------  ------------
     FDE:C->Q              9   0.591   0.855  Inst_VGAController/Inst_vga640480/char_addr_1 (Inst_VGAController/Inst_vga640480/char_addr_1)
     LUT4:I2->O            1   0.704   0.499  Inst_VGAController/Inst_my_buffer/Mmult_ascii_to_vga_mult0000_Madd_51 (Inst_VGAController/Inst_my_buffer/Mmult_ascii_to_vga_mult0000_Madd_5)
     LUT2:I1->O            1   0.704   0.000  Inst_VGAController/Inst_my_buffer/Mmult_ascii_to_vga_mult0000_Madd1_lut<5> (Inst_VGAController/Inst_my_buffer/Mmult_ascii_to_vga_mult0000_Madd1_lut<5>)
     MUXCY:S->O            1   0.464   0.000  Inst_VGAController/Inst_my_buffer/Mmult_ascii_to_vga_mult0000_Madd1_cy<5> (Inst_VGAController/Inst_my_buffer/Mmult_ascii_to_vga_mult0000_Madd1_cy<5>)
     MUXCY:CI->O           0   0.059   0.000  Inst_VGAController/Inst_my_buffer/Mmult_ascii_to_vga_mult0000_Madd1_cy<6> (Inst_VGAController/Inst_my_buffer/Mmult_ascii_to_vga_mult0000_Madd1_cy<6>)
     XORCY:CI->O          33   0.804   1.298  Inst_VGAController/Inst_my_buffer/Mmult_ascii_to_vga_mult0000_Madd1_xor<7> (Inst_VGAController/Inst_my_buffer/ascii_to_vga_mult0000<7>)
     LUT3_D:I2->O          6   0.704   0.673  Inst_VGAController/Inst_my_buffer/ascii_to_vga_cmp_eq0005111 (Inst_VGAController/N611)
     LUT4:I3->O            7   0.704   0.712  Inst_VGAController/Inst_my_buffer/ascii_to_vga_cmp_eq00131 (Inst_VGAController/Inst_my_buffer/ascii_to_vga_cmp_eq0013)
     LUT4_L:I3->LO         1   0.704   0.104  Inst_VGAController/Inst_my_buffer/ascii_to_vga<1>69 (Inst_VGAController/Inst_my_buffer/ascii_to_vga<1>69)
     LUT4:I3->O            1   0.704   0.424  Inst_VGAController/Inst_my_buffer/ascii_to_vga<1>79 (Inst_VGAController/Inst_my_buffer/ascii_to_vga<1>79)
     LUT4_L:I3->LO         1   0.704   0.104  Inst_VGAController/Inst_my_buffer/ascii_to_vga<1>253_SW0_SW0 (N332)
     LUT4:I3->O          243   0.704   1.504  Inst_VGAController/Inst_my_buffer/ascii_to_vga<1>253 (Inst_VGAController/to_rom_row<5>)
     LUT3:I0->O            1   0.704   0.000  Inst_VGAController/Inst_fontROM/Mmux_dataOut_25_f5_0_F (N640)
     MUXF5:I0->O           1   0.321   0.424  Inst_VGAController/Inst_fontROM/Mmux_dataOut_25_f5_0 (Inst_VGAController/Inst_fontROM/Mmux_dataOut_25_f51)
     LUT4:I3->O            1   0.704   0.455  Inst_VGAController/to_rom_row<6>5 (Inst_VGAController/to_rom_row<6>6)
     LUT3:I2->O            1   0.704   0.000  Inst_VGAController/Inst_fontROM/Mmux_dataOut_16_f5_10_F (N494)
     MUXF5:I0->O           1   0.321   0.455  Inst_VGAController/Inst_fontROM/Mmux_dataOut_16_f5_10 (Inst_VGAController/Inst_fontROM/Mmux_dataOut_16_f511)
     LUT3:I2->O            1   0.704   0.455  Inst_VGAController/Inst_fontROM/Mmux_dataOut_12 (Inst_VGAController/Inst_fontROM/Mmux_dataOut_12)
     LUT3:I2->O            1   0.704   0.000  Inst_VGAController/to_buffer_bit_addr<0>_F (N468)
     MUXF5:I0->O           1   0.321   0.424  Inst_VGAController/to_buffer_bit_addr<0> (Inst_VGAController/to_buffer_bit_addr<0>1)
     LUT4:I3->O            1   0.704   0.000  Inst_VGAController/Inst_vga640480/r1_mux0001<0>1_G (N503)
     MUXF5:I1->O           1   0.321   0.000  Inst_VGAController/Inst_vga640480/r1_mux0001<0>1 (Inst_VGAController/Inst_vga640480/r1_mux0001<0>)
     FDC:D                     0.308          Inst_VGAController/Inst_vga640480/b1_0
    ----------------------------------------
    Total                     21.751ns (13.366ns logic, 8.385ns route)
                                       (61.4% logic, 38.6% route)

=========================================================================
Timing constraint: Default OFFSET IN BEFORE for Clock 'sys_clk'
  Total number of paths / destination ports: 2 / 2
-------------------------------------------------------------------------
Offset:              1.946ns (Levels of Logic = 1)
  Source:            PS_data (PAD)
  Destination:       KB/data (FF)
  Destination Clock: sys_clk rising

  Data Path: PS_data to KB/data
                                Gate     Net
    Cell:in->out      fanout   Delay   Delay  Logical Name (Net Name)
    ----------------------------------------  ------------
     IBUF:I->O             1   1.218   0.420  PS_data_IBUF (PS_data_IBUF)
     FD:D                      0.308          KB/data
    ----------------------------------------
    Total                      1.946ns (1.526ns logic, 0.420ns route)
                                       (78.4% logic, 21.6% route)

=========================================================================
Timing constraint: Default OFFSET IN BEFORE for Clock 'Inst_VGAController/Inst_vga640480/clk1'
  Total number of paths / destination ports: 20 / 20
-------------------------------------------------------------------------
Offset:              4.061ns (Levels of Logic = 2)
  Source:            rst (PAD)
  Destination:       Inst_VGAController/Inst_vga640480/bit_addr_6 (FF)
  Destination Clock: Inst_VGAController/Inst_vga640480/clk1 rising

  Data Path: rst to Inst_VGAController/Inst_vga640480/bit_addr_6
                                Gate     Net
    Cell:in->out      fanout   Delay   Delay  Logical Name (Net Name)
    ----------------------------------------  ------------
     IBUF:I->O             2   1.218   0.447  rst_IBUF (rst_IBUF)
     MUXF5:S->O           20   0.739   1.102  Inst_VGAController/Inst_vga640480/bit_addr_and00001_f5 (Inst_VGAController/Inst_vga640480/bit_addr_and0000)
     FDE:CE                    0.555          Inst_VGAController/Inst_vga640480/char_addr_0
    ----------------------------------------
    Total                      4.061ns (2.512ns logic, 1.549ns route)
                                       (61.9% logic, 38.1% route)

=========================================================================
Timing constraint: Default OFFSET OUT AFTER for Clock 'Inst_VGAController/Inst_vga640480/clk1'
  Total number of paths / destination ports: 29 / 11
-------------------------------------------------------------------------
Offset:              6.009ns (Levels of Logic = 2)
  Source:            Inst_VGAController/Inst_vga640480/vs1 (FF)
  Destination:       b<2> (PAD)
  Source Clock:      Inst_VGAController/Inst_vga640480/clk1 rising

  Data Path: Inst_VGAController/Inst_vga640480/vs1 to b<2>
                                Gate     Net
    Cell:in->out      fanout   Delay   Delay  Logical Name (Net Name)
    ----------------------------------------  ------------
     FDP:C->Q              2   0.591   0.622  Inst_VGAController/Inst_vga640480/vs1 (Inst_VGAController/Inst_vga640480/vs1)
     LUT3:I0->O            9   0.704   0.820  Inst_VGAController/g<0>1 (b_0_OBUF)
     OBUF:I->O                 3.272          b_2_OBUF (b<2>)
    ----------------------------------------
    Total                      6.009ns (4.567ns logic, 1.442ns route)
                                       (76.0% logic, 24.0% route)

=========================================================================
Timing constraint: Default OFFSET OUT AFTER for Clock 'sys_clk'
  Total number of paths / destination ports: 9 / 8
-------------------------------------------------------------------------
Offset:              7.343ns (Levels of Logic = 2)
  Source:            KB/fok (FF)
  Destination:       is_ready (PAD)
  Source Clock:      sys_clk rising

  Data Path: KB/fok to is_ready
                                Gate     Net
    Cell:in->out      fanout   Delay   Delay  Logical Name (Net Name)
    ----------------------------------------  ------------
     FDC:C->Q             28   0.591   1.436  KB/fok (KB/fok)
     LUT2:I0->O          278   0.704   1.340  is_ready1 (is_ready_OBUF)
     OBUF:I->O                 3.272          is_ready_OBUF (is_ready)
    ----------------------------------------
    Total                      7.343ns (4.567ns logic, 2.776ns route)
                                       (62.2% logic, 37.8% route)

=========================================================================
Timing constraint: Default OFFSET OUT AFTER for Clock 'KB/fok'
  Total number of paths / destination ports: 8 / 8
-------------------------------------------------------------------------
Offset:              4.368ns (Levels of Logic = 1)
  Source:            KB/scancode_7_1 (LATCH)
  Destination:       scancode_out<7> (PAD)
  Source Clock:      KB/fok falling

  Data Path: KB/scancode_7_1 to scancode_out<7>
                                Gate     Net
    Cell:in->out      fanout   Delay   Delay  Logical Name (Net Name)
    ----------------------------------------  ------------
     LD:G->Q               1   0.676   0.420  KB/scancode_7_1 (KB/scancode_7_1)
     OBUF:I->O                 3.272          scancode_out_7_OBUF (scancode_out<7>)
    ----------------------------------------
    Total                      4.368ns (3.948ns logic, 0.420ns route)
                                       (90.4% logic, 9.6% route)

=========================================================================


Total REAL time to Xst completion: 39.00 secs
Total CPU time to Xst completion: 39.80 secs
 
--> 

Total memory usage is 277856 kilobytes

Number of errors   :    0 (   0 filtered)
Number of warnings :   63 (   0 filtered)
Number of infos    :   13 (   0 filtered)

